Archive member included to satisfy reference by file (symbol)

../app01_bsp/\libhal_bsp.a(alt_load.o)
                              ../app01_bsp//obj/HAL/src/crt0.o (alt_load)
../app01_bsp/\libhal_bsp.a(alt_main.o)
                              ../app01_bsp//obj/HAL/src/crt0.o (alt_main)
../app01_bsp/\libhal_bsp.a(alt_putstr.o)
                              obj/default/hello_world_small.o (alt_putstr)
../app01_bsp/\libhal_bsp.a(alt_sys_init.o)
                              ../app01_bsp/\libhal_bsp.a(alt_main.o) (alt_irq_init)
../app01_bsp/\libhal_bsp.a(altera_avalon_jtag_uart_write.o)
                              ../app01_bsp/\libhal_bsp.a(alt_putstr.o) (altera_avalon_jtag_uart_write)
../app01_bsp/\libhal_bsp.a(alt_dcache_flush_all.o)
                              ../app01_bsp/\libhal_bsp.a(alt_load.o) (alt_dcache_flush_all)
../app01_bsp/\libhal_bsp.a(alt_icache_flush_all.o)
                              ../app01_bsp/\libhal_bsp.a(alt_load.o) (alt_icache_flush_all)
../app01_bsp/\libhal_bsp.a(altera_nios2_qsys_irq.o)
                              ../app01_bsp/\libhal_bsp.a(alt_sys_init.o) (altera_nios2_qsys_irq_init)
c:/intelfpga_lite/18.1/nios2eds/bin/gnu/h-x86_64-mingw32/bin/../lib/gcc/nios2-elf/5.3.0/../../../../../H-x86_64-mingw32/nios2-elf/lib/mno-hw-mul\libsmallc.a(lib_a-strlen.o)
                              ../app01_bsp/\libhal_bsp.a(alt_putstr.o) (strlen)

Memory Configuration

Name             Origin             Length             Attributes
reset            0x0000000000010000 0x0000000000000020
onchip_memory2_0 0x0000000000010020 0x0000000000003fe0
*default*        0x0000000000000000 0xffffffffffffffff

Linker script and memory map

LOAD ../app01_bsp//obj/HAL/src/crt0.o
LOAD obj/default/hello_world_small.o
LOAD c:/intelfpga_lite/18.1/nios2eds/bin/gnu/h-x86_64-mingw32/bin/../lib/gcc/nios2-elf/5.3.0/../../../../../H-x86_64-mingw32/nios2-elf/lib/mno-hw-mul\libstdc++.a
LOAD c:/intelfpga_lite/18.1/nios2eds/bin/gnu/h-x86_64-mingw32/bin/../lib/gcc/nios2-elf/5.3.0/../../../../../H-x86_64-mingw32/nios2-elf/lib/mno-hw-mul\libm.a
LOAD c:/intelfpga_lite/18.1/nios2eds/bin/gnu/h-x86_64-mingw32/bin/../lib/gcc/nios2-elf/5.3.0/mno-hw-mul\libgcc.a
START GROUP
LOAD c:/intelfpga_lite/18.1/nios2eds/bin/gnu/h-x86_64-mingw32/bin/../lib/gcc/nios2-elf/5.3.0/../../../../../H-x86_64-mingw32/nios2-elf/lib/mno-hw-mul\libsmallc.a
LOAD c:/intelfpga_lite/18.1/nios2eds/bin/gnu/h-x86_64-mingw32/bin/../lib/gcc/nios2-elf/5.3.0/mno-hw-mul\libgcc.a
LOAD ../app01_bsp/\libhal_bsp.a
LOAD c:/intelfpga_lite/18.1/nios2eds/bin/gnu/h-x86_64-mingw32/bin/../lib/gcc/nios2-elf/5.3.0/../../../../../H-x86_64-mingw32/nios2-elf/lib/mno-hw-mul\libm.a
END GROUP
LOAD c:/intelfpga_lite/18.1/nios2eds/bin/gnu/h-x86_64-mingw32/bin/../lib/gcc/nios2-elf/5.3.0/mno-hw-mul\libgcc.a
                0x0000000000010000                __alt_mem_onchip_memory2_0 = 0x10000

.entry          0x0000000000010000       0x20
 *(.entry)
 .entry         0x0000000000010000       0x20 ../app01_bsp//obj/HAL/src/crt0.o
                0x0000000000010000                __reset
                0x000000000001000c                _exit

.exceptions     0x0000000000010020        0x0
                0x0000000000010020                PROVIDE (__ram_exceptions_start, ABSOLUTE (.))
                0x0000000000010020                . = ALIGN (0x20)
 *(.irq)
 *(.exceptions.entry.label)
 *(.exceptions.entry.user)
 *(.exceptions.entry.ecc_fatal)
 *(.exceptions.entry)
 *(.exceptions.irqtest.user)
 *(.exceptions.irqtest)
 *(.exceptions.irqhandler.user)
 *(.exceptions.irqhandler)
 *(.exceptions.irqreturn.user)
 *(.exceptions.irqreturn)
 *(.exceptions.notirq.label)
 *(.exceptions.notirq.user)
 *(.exceptions.notirq)
 *(.exceptions.soft.user)
 *(.exceptions.soft)
 *(.exceptions.unknown.user)
 *(.exceptions.unknown)
 *(.exceptions.exit.label)
 *(.exceptions.exit.user)
 *(.exceptions.exit)
 *(.exceptions)
                0x0000000000010020                PROVIDE (__ram_exceptions_end, ABSOLUTE (.))
                0x0000000000010020                PROVIDE (__flash_exceptions_start, LOADADDR (.exceptions))

.text           0x0000000000010020      0x59c
                [!provide]                        PROVIDE (stext, ABSOLUTE (.))
 *(.interp)
 *(.hash)
 *(.dynsym)
 *(.dynstr)
 *(.gnu.version)
 *(.gnu.version_d)
 *(.gnu.version_r)
 *(.rel.init)
 *(.rela.init)
 *(.rel.text .rel.text.* .rel.gnu.linkonce.t.*)
 *(.rela.text .rela.text.* .rela.gnu.linkonce.t.*)
 *(.rel.fini)
 *(.rela.fini)
 *(.rel.rodata .rel.rodata.* .rel.gnu.linkonce.r.*)
 *(.rela.rodata .rela.rodata.* .rela.gnu.linkonce.r.*)
 *(.rel.data .rel.data.* .rel.gnu.linkonce.d.*)
 *(.rela.data .rela.data.* .rela.gnu.linkonce.d.*)
 *(.rel.tdata .rel.tdata.* .rel.gnu.linkonce.td.*)
 *(.rela.tdata .rela.tdata.* .rela.gnu.linkonce.td.*)
 *(.rel.tbss .rel.tbss.* .rel.gnu.linkonce.tb.*)
 *(.rela.tbss .rela.tbss.* .rela.gnu.linkonce.tb.*)
 *(.rel.ctors)
 *(.rela.ctors)
 *(.rel.dtors)
 *(.rela.dtors)
 *(.rel.got)
 *(.rela.got)
 *(.rel.sdata .rel.sdata.* .rel.gnu.linkonce.s.*)
 *(.rela.sdata .rela.sdata.* .rela.gnu.linkonce.s.*)
 *(.rel.sbss .rel.sbss.* .rel.gnu.linkonce.sb.*)
 *(.rela.sbss .rela.sbss.* .rela.gnu.linkonce.sb.*)
 *(.rel.sdata2 .rel.sdata2.* .rel.gnu.linkonce.s2.*)
 *(.rela.sdata2 .rela.sdata2.* .rela.gnu.linkonce.s2.*)
 *(.rel.sbss2 .rel.sbss2.* .rel.gnu.linkonce.sb2.*)
 *(.rela.sbss2 .rela.sbss2.* .rela.gnu.linkonce.sb2.*)
 *(.rel.bss .rel.bss.* .rel.gnu.linkonce.b.*)
 *(.rela.bss .rela.bss.* .rela.gnu.linkonce.b.*)
 *(.rel.plt)
 *(.rela.plt)
 *(.rel.dyn)
 *(.init)
 *(.plt)
 *(.text .stub .text.* .gnu.linkonce.t.*)
 .text          0x0000000000010020       0x3c ../app01_bsp//obj/HAL/src/crt0.o
                0x0000000000010020                _start
 .text          0x000000000001005c      0x294 obj/default/hello_world_small.o
                0x000000000001005c                _wait
                0x0000000000010094                SevenSegEnc
                0x0000000000010190                SetPeriod
 .text.startup  0x00000000000102f0      0x104 obj/default/hello_world_small.o
                0x00000000000102f0                main
 .text          0x00000000000103f4       0xe0 ../app01_bsp/\libhal_bsp.a(alt_load.o)
                0x00000000000103f4                alt_load
 .text          0x00000000000104d4       0x2c ../app01_bsp/\libhal_bsp.a(alt_main.o)
                0x00000000000104d4                alt_main
 .text          0x0000000000010500       0x38 ../app01_bsp/\libhal_bsp.a(alt_putstr.o)
                0x0000000000010500                alt_putstr
 .text          0x0000000000010538       0x24 ../app01_bsp/\libhal_bsp.a(alt_sys_init.o)
                0x0000000000010538                alt_irq_init
                0x0000000000010558                alt_sys_init
 .text          0x000000000001055c       0x34 ../app01_bsp/\libhal_bsp.a(altera_avalon_jtag_uart_write.o)
                0x000000000001055c                altera_avalon_jtag_uart_write
 .text          0x0000000000010590        0x4 ../app01_bsp/\libhal_bsp.a(alt_dcache_flush_all.o)
                0x0000000000010590                alt_dcache_flush_all
 .text          0x0000000000010594        0x4 ../app01_bsp/\libhal_bsp.a(alt_icache_flush_all.o)
                0x0000000000010594                alt_icache_flush_all
 .text          0x0000000000010598        0x8 ../app01_bsp/\libhal_bsp.a(altera_nios2_qsys_irq.o)
                0x0000000000010598                altera_nios2_qsys_irq_init
 .text          0x00000000000105a0        0x0 c:/intelfpga_lite/18.1/nios2eds/bin/gnu/h-x86_64-mingw32/bin/../lib/gcc/nios2-elf/5.3.0/../../../../../H-x86_64-mingw32/nios2-elf/lib/mno-hw-mul\libsmallc.a(lib_a-strlen.o)
 .text.strlen   0x00000000000105a0       0x1c c:/intelfpga_lite/18.1/nios2eds/bin/gnu/h-x86_64-mingw32/bin/../lib/gcc/nios2-elf/5.3.0/../../../../../H-x86_64-mingw32/nios2-elf/lib/mno-hw-mul\libsmallc.a(lib_a-strlen.o)
                0x00000000000105a0                strlen
 *(.gnu.warning.*)
 *(.fini)
                [!provide]                        PROVIDE (__etext, ABSOLUTE (.))
                [!provide]                        PROVIDE (_etext, ABSOLUTE (.))
                [!provide]                        PROVIDE (etext, ABSOLUTE (.))
 *(.eh_frame_hdr)
                0x00000000000105bc                . = ALIGN (0x4)
                [!provide]                        PROVIDE (__preinit_array_start, ABSOLUTE (.))
 *(.preinit_array)
                [!provide]                        PROVIDE (__preinit_array_end, ABSOLUTE (.))
                [!provide]                        PROVIDE (__init_array_start, ABSOLUTE (.))
 *(.init_array)
                [!provide]                        PROVIDE (__init_array_end, ABSOLUTE (.))
                [!provide]                        PROVIDE (__fini_array_start, ABSOLUTE (.))
 *(.fini_array)
                [!provide]                        PROVIDE (__fini_array_end, ABSOLUTE (.))
 *(.eh_frame)
 *(.gcc_except_table .gcc_except_table.*)
 *(.dynamic)
                [!provide]                        PROVIDE (__CTOR_LIST__, ABSOLUTE (.))
 *(.ctors)
 *(SORT(.ctors.*))
                [!provide]                        PROVIDE (__CTOR_END__, ABSOLUTE (.))
                [!provide]                        PROVIDE (__DTOR_LIST__, ABSOLUTE (.))
 *(.dtors)
 *(SORT(.dtors.*))
                [!provide]                        PROVIDE (__DTOR_END__, ABSOLUTE (.))
 *(.jcr)
                0x00000000000105bc                . = ALIGN (0x4)

.rodata         0x00000000000105bc       0x24
                0x00000000000105bc                PROVIDE (__ram_rodata_start, ABSOLUTE (.))
                0x00000000000105bc                . = ALIGN (0x4)
 *(.rodata .rodata.* .gnu.linkonce.r.*)
 .rodata.str1.4
                0x00000000000105bc       0x24 obj/default/hello_world_small.o
                                         0x21 (size before relaxing)
 *(.rodata1)
                0x00000000000105e0                . = ALIGN (0x4)
                0x00000000000105e0                PROVIDE (__ram_rodata_end, ABSOLUTE (.))
                0x00000000000105bc                PROVIDE (__flash_rodata_start, LOADADDR (.rodata))

.rwdata         0x00000000000105e0        0x8 load address 0x00000000000105e8
                0x00000000000105e0                PROVIDE (__ram_rwdata_start, ABSOLUTE (.))
                0x00000000000105e0                . = ALIGN (0x4)
 *(.got.plt)
 *(.got)
 *(.data1)
 *(.data .data.* .gnu.linkonce.d.*)
 .data          0x00000000000105e0        0x0 ../app01_bsp//obj/HAL/src/crt0.o
 .data          0x00000000000105e0        0x0 obj/default/hello_world_small.o
 .data          0x00000000000105e0        0x0 ../app01_bsp/\libhal_bsp.a(alt_load.o)
 .data          0x00000000000105e0        0x0 ../app01_bsp/\libhal_bsp.a(alt_main.o)
 .data          0x00000000000105e0        0x0 ../app01_bsp/\libhal_bsp.a(alt_putstr.o)
 .data          0x00000000000105e0        0x0 ../app01_bsp/\libhal_bsp.a(alt_sys_init.o)
 .data          0x00000000000105e0        0x0 ../app01_bsp/\libhal_bsp.a(altera_avalon_jtag_uart_write.o)
 .data          0x00000000000105e0        0x0 ../app01_bsp/\libhal_bsp.a(alt_dcache_flush_all.o)
 .data          0x00000000000105e0        0x0 ../app01_bsp/\libhal_bsp.a(alt_icache_flush_all.o)
 .data          0x00000000000105e0        0x0 ../app01_bsp/\libhal_bsp.a(altera_nios2_qsys_irq.o)
 .data          0x00000000000105e0        0x0 c:/intelfpga_lite/18.1/nios2eds/bin/gnu/h-x86_64-mingw32/bin/../lib/gcc/nios2-elf/5.3.0/../../../../../H-x86_64-mingw32/nios2-elf/lib/mno-hw-mul\libsmallc.a(lib_a-strlen.o)
                0x00000000000185e0                _gp = ABSOLUTE ((. + 0x8000))
                [!provide]                        PROVIDE (gp, _gp)
 *(.rwdata .rwdata.*)
 *(.sdata .sdata.* .gnu.linkonce.s.*)
 .sdata         0x00000000000105e0        0x8 obj/default/hello_world_small.o
                0x00000000000105e0                Decode0
                0x00000000000105e4                Period0
 *(.sdata2 .sdata2.* .gnu.linkonce.s2.*)
                0x00000000000105e8                . = ALIGN (0x4)
                0x00000000000105e8                _edata = ABSOLUTE (.)
                [!provide]                        PROVIDE (edata, ABSOLUTE (.))
                0x00000000000105e8                PROVIDE (__ram_rwdata_end, ABSOLUTE (.))
                0x00000000000105e8                PROVIDE (__flash_rwdata_start, LOADADDR (.rwdata))

.bss            0x00000000000105f0       0x14
                0x00000000000105f0                __bss_start = ABSOLUTE (.)
                [!provide]                        PROVIDE (__sbss_start, ABSOLUTE (.))
                [!provide]                        PROVIDE (___sbss_start, ABSOLUTE (.))
 *(.dynsbss)
 *(.sbss .sbss.* .gnu.linkonce.sb.*)
 .sbss          0x00000000000105f0        0x4 obj/default/hello_world_small.o
                0x00000000000105f0                buttoncount
 .sbss          0x00000000000105f4        0xc ../app01_bsp/\libhal_bsp.a(alt_main.o)
                0x00000000000105f4                alt_envp
                0x00000000000105f8                alt_argv
                0x00000000000105fc                alt_argc
 .sbss          0x0000000000010600        0x4 ../app01_bsp/\libhal_bsp.a(alt_sys_init.o)
                0x0000000000010600                jtag_uart_0
 *(.sbss2 .sbss2.* .gnu.linkonce.sb2.*)
 *(.scommon)
                [!provide]                        PROVIDE (__sbss_end, ABSOLUTE (.))
                [!provide]                        PROVIDE (___sbss_end, ABSOLUTE (.))
 *(.dynbss)
 *(.bss .bss.* .gnu.linkonce.b.*)
 .bss           0x0000000000010604        0x0 ../app01_bsp//obj/HAL/src/crt0.o
 .bss           0x0000000000010604        0x0 obj/default/hello_world_small.o
 .bss           0x0000000000010604        0x0 ../app01_bsp/\libhal_bsp.a(alt_load.o)
 .bss           0x0000000000010604        0x0 ../app01_bsp/\libhal_bsp.a(alt_main.o)
 .bss           0x0000000000010604        0x0 ../app01_bsp/\libhal_bsp.a(alt_putstr.o)
 .bss           0x0000000000010604        0x0 ../app01_bsp/\libhal_bsp.a(alt_sys_init.o)
 .bss           0x0000000000010604        0x0 ../app01_bsp/\libhal_bsp.a(altera_avalon_jtag_uart_write.o)
 .bss           0x0000000000010604        0x0 ../app01_bsp/\libhal_bsp.a(alt_dcache_flush_all.o)
 .bss           0x0000000000010604        0x0 ../app01_bsp/\libhal_bsp.a(alt_icache_flush_all.o)
 .bss           0x0000000000010604        0x0 ../app01_bsp/\libhal_bsp.a(altera_nios2_qsys_irq.o)
 .bss           0x0000000000010604        0x0 c:/intelfpga_lite/18.1/nios2eds/bin/gnu/h-x86_64-mingw32/bin/../lib/gcc/nios2-elf/5.3.0/../../../../../H-x86_64-mingw32/nios2-elf/lib/mno-hw-mul\libsmallc.a(lib_a-strlen.o)
 *(COMMON)
                0x0000000000010604                . = ALIGN (0x4)
                0x0000000000010604                __bss_end = ABSOLUTE (.)

.onchip_memory2_0
                0x0000000000010604        0x0
                [!provide]                        PROVIDE (_alt_partition_onchip_memory2_0_start, ABSOLUTE (.))
 *(.onchip_memory2_0 .onchip_memory2_0. onchip_memory2_0.*)
                0x0000000000010604                . = ALIGN (0x4)
                [!provide]                        PROVIDE (_alt_partition_onchip_memory2_0_end, ABSOLUTE (.))
                0x0000000000010604                _end = ABSOLUTE (.)
                0x0000000000010604                end = ABSOLUTE (.)
                0x0000000000010604                __alt_stack_base = ABSOLUTE (.)
                [!provide]                        PROVIDE (_alt_partition_onchip_memory2_0_load_addr, LOADADDR (.onchip_memory2_0))

.stab
 *(.stab)

.stabstr
 *(.stabstr)

.stab.excl
 *(.stab.excl)

.stab.exclstr
 *(.stab.exclstr)

.stab.index
 *(.stab.index)

.stab.indexstr
 *(.stab.indexstr)

.comment        0x0000000000000000       0x23
 *(.comment)
 .comment       0x0000000000000000       0x23 obj/default/hello_world_small.o
                                         0x24 (size before relaxing)
 .comment       0x0000000000000023       0x24 ../app01_bsp/\libhal_bsp.a(alt_load.o)
 .comment       0x0000000000000023       0x24 ../app01_bsp/\libhal_bsp.a(alt_main.o)
 .comment       0x0000000000000023       0x24 ../app01_bsp/\libhal_bsp.a(alt_putstr.o)
 .comment       0x0000000000000023       0x24 ../app01_bsp/\libhal_bsp.a(alt_sys_init.o)
 .comment       0x0000000000000023       0x24 ../app01_bsp/\libhal_bsp.a(altera_avalon_jtag_uart_write.o)
 .comment       0x0000000000000023       0x24 ../app01_bsp/\libhal_bsp.a(alt_dcache_flush_all.o)
 .comment       0x0000000000000023       0x24 ../app01_bsp/\libhal_bsp.a(alt_icache_flush_all.o)
 .comment       0x0000000000000023       0x24 ../app01_bsp/\libhal_bsp.a(altera_nios2_qsys_irq.o)
 .comment       0x0000000000000023       0x24 c:/intelfpga_lite/18.1/nios2eds/bin/gnu/h-x86_64-mingw32/bin/../lib/gcc/nios2-elf/5.3.0/../../../../../H-x86_64-mingw32/nios2-elf/lib/mno-hw-mul\libsmallc.a(lib_a-strlen.o)

.debug
 *(.debug)

.line
 *(.line)

.debug_srcinfo
 *(.debug_srcinfo)

.debug_sfnames
 *(.debug_sfnames)

.debug_aranges  0x0000000000000000      0x170
 *(.debug_aranges)
 .debug_aranges
                0x0000000000000000       0x28 ../app01_bsp//obj/HAL/src/crt0.o
 .debug_aranges
                0x0000000000000028       0x28 obj/default/hello_world_small.o
 .debug_aranges
                0x0000000000000050       0x20 ../app01_bsp/\libhal_bsp.a(alt_load.o)
 .debug_aranges
                0x0000000000000070       0x20 ../app01_bsp/\libhal_bsp.a(alt_main.o)
 .debug_aranges
                0x0000000000000090       0x20 ../app01_bsp/\libhal_bsp.a(alt_putstr.o)
 .debug_aranges
                0x00000000000000b0       0x20 ../app01_bsp/\libhal_bsp.a(alt_sys_init.o)
 .debug_aranges
                0x00000000000000d0       0x20 ../app01_bsp/\libhal_bsp.a(altera_avalon_jtag_uart_write.o)
 .debug_aranges
                0x00000000000000f0       0x20 ../app01_bsp/\libhal_bsp.a(alt_dcache_flush_all.o)
 .debug_aranges
                0x0000000000000110       0x20 ../app01_bsp/\libhal_bsp.a(alt_icache_flush_all.o)
 .debug_aranges
                0x0000000000000130       0x20 ../app01_bsp/\libhal_bsp.a(altera_nios2_qsys_irq.o)
 .debug_aranges
                0x0000000000000150       0x20 c:/intelfpga_lite/18.1/nios2eds/bin/gnu/h-x86_64-mingw32/bin/../lib/gcc/nios2-elf/5.3.0/../../../../../H-x86_64-mingw32/nios2-elf/lib/mno-hw-mul\libsmallc.a(lib_a-strlen.o)

.debug_pubnames
 *(.debug_pubnames)

.debug_info     0x0000000000000000      0xc9a
 *(.debug_info .gnu.linkonce.wi.*)
 .debug_info    0x0000000000000000       0x67 ../app01_bsp//obj/HAL/src/crt0.o
 .debug_info    0x0000000000000067      0x22c obj/default/hello_world_small.o
 .debug_info    0x0000000000000293      0x1c9 ../app01_bsp/\libhal_bsp.a(alt_load.o)
 .debug_info    0x000000000000045c      0x169 ../app01_bsp/\libhal_bsp.a(alt_main.o)
 .debug_info    0x00000000000005c5      0x13a ../app01_bsp/\libhal_bsp.a(alt_putstr.o)
 .debug_info    0x00000000000006ff      0x185 ../app01_bsp/\libhal_bsp.a(alt_sys_init.o)
 .debug_info    0x0000000000000884      0x197 ../app01_bsp/\libhal_bsp.a(altera_avalon_jtag_uart_write.o)
 .debug_info    0x0000000000000a1b       0x92 ../app01_bsp/\libhal_bsp.a(alt_dcache_flush_all.o)
 .debug_info    0x0000000000000aad       0x92 ../app01_bsp/\libhal_bsp.a(alt_icache_flush_all.o)
 .debug_info    0x0000000000000b3f       0x92 ../app01_bsp/\libhal_bsp.a(altera_nios2_qsys_irq.o)
 .debug_info    0x0000000000000bd1       0xc9 c:/intelfpga_lite/18.1/nios2eds/bin/gnu/h-x86_64-mingw32/bin/../lib/gcc/nios2-elf/5.3.0/../../../../../H-x86_64-mingw32/nios2-elf/lib/mno-hw-mul\libsmallc.a(lib_a-strlen.o)

.debug_abbrev   0x0000000000000000      0x747
 *(.debug_abbrev)
 .debug_abbrev  0x0000000000000000       0x12 ../app01_bsp//obj/HAL/src/crt0.o
 .debug_abbrev  0x0000000000000012      0x17b obj/default/hello_world_small.o
 .debug_abbrev  0x000000000000018d       0xd8 ../app01_bsp/\libhal_bsp.a(alt_load.o)
 .debug_abbrev  0x0000000000000265       0xee ../app01_bsp/\libhal_bsp.a(alt_main.o)
 .debug_abbrev  0x0000000000000353       0xd3 ../app01_bsp/\libhal_bsp.a(alt_putstr.o)
 .debug_abbrev  0x0000000000000426      0x107 ../app01_bsp/\libhal_bsp.a(alt_sys_init.o)
 .debug_abbrev  0x000000000000052d       0xd5 ../app01_bsp/\libhal_bsp.a(altera_avalon_jtag_uart_write.o)
 .debug_abbrev  0x0000000000000602       0x42 ../app01_bsp/\libhal_bsp.a(alt_dcache_flush_all.o)
 .debug_abbrev  0x0000000000000644       0x42 ../app01_bsp/\libhal_bsp.a(alt_icache_flush_all.o)
 .debug_abbrev  0x0000000000000686       0x42 ../app01_bsp/\libhal_bsp.a(altera_nios2_qsys_irq.o)
 .debug_abbrev  0x00000000000006c8       0x7f c:/intelfpga_lite/18.1/nios2eds/bin/gnu/h-x86_64-mingw32/bin/../lib/gcc/nios2-elf/5.3.0/../../../../../H-x86_64-mingw32/nios2-elf/lib/mno-hw-mul\libsmallc.a(lib_a-strlen.o)

.debug_line     0x0000000000000000      0x821
 *(.debug_line)
 .debug_line    0x0000000000000000       0x66 ../app01_bsp//obj/HAL/src/crt0.o
 .debug_line    0x0000000000000066      0x181 obj/default/hello_world_small.o
 .debug_line    0x00000000000001e7       0xa4 ../app01_bsp/\libhal_bsp.a(alt_load.o)
 .debug_line    0x000000000000028b       0xbd ../app01_bsp/\libhal_bsp.a(alt_main.o)
 .debug_line    0x0000000000000348       0xa0 ../app01_bsp/\libhal_bsp.a(alt_putstr.o)
 .debug_line    0x00000000000003e8      0x101 ../app01_bsp/\libhal_bsp.a(alt_sys_init.o)
 .debug_line    0x00000000000004e9       0xf0 ../app01_bsp/\libhal_bsp.a(altera_avalon_jtag_uart_write.o)
 .debug_line    0x00000000000005d9       0x4e ../app01_bsp/\libhal_bsp.a(alt_dcache_flush_all.o)
 .debug_line    0x0000000000000627       0x4e ../app01_bsp/\libhal_bsp.a(alt_icache_flush_all.o)
 .debug_line    0x0000000000000675       0x50 ../app01_bsp/\libhal_bsp.a(altera_nios2_qsys_irq.o)
 .debug_line    0x00000000000006c5      0x15c c:/intelfpga_lite/18.1/nios2eds/bin/gnu/h-x86_64-mingw32/bin/../lib/gcc/nios2-elf/5.3.0/../../../../../H-x86_64-mingw32/nios2-elf/lib/mno-hw-mul\libsmallc.a(lib_a-strlen.o)

.debug_frame    0x0000000000000000      0x1d4
 *(.debug_frame)
 .debug_frame   0x0000000000000000       0x6c obj/default/hello_world_small.o
 .debug_frame   0x000000000000006c       0x30 ../app01_bsp/\libhal_bsp.a(alt_load.o)
 .debug_frame   0x000000000000009c       0x2c ../app01_bsp/\libhal_bsp.a(alt_main.o)
 .debug_frame   0x00000000000000c8       0x30 ../app01_bsp/\libhal_bsp.a(alt_putstr.o)
 .debug_frame   0x00000000000000f8       0x3c ../app01_bsp/\libhal_bsp.a(alt_sys_init.o)
 .debug_frame   0x0000000000000134       0x20 ../app01_bsp/\libhal_bsp.a(altera_avalon_jtag_uart_write.o)
 .debug_frame   0x0000000000000154       0x20 ../app01_bsp/\libhal_bsp.a(alt_dcache_flush_all.o)
 .debug_frame   0x0000000000000174       0x20 ../app01_bsp/\libhal_bsp.a(alt_icache_flush_all.o)
 .debug_frame   0x0000000000000194       0x20 ../app01_bsp/\libhal_bsp.a(altera_nios2_qsys_irq.o)
 .debug_frame   0x00000000000001b4       0x20 c:/intelfpga_lite/18.1/nios2eds/bin/gnu/h-x86_64-mingw32/bin/../lib/gcc/nios2-elf/5.3.0/../../../../../H-x86_64-mingw32/nios2-elf/lib/mno-hw-mul\libsmallc.a(lib_a-strlen.o)

.debug_str      0x0000000000000000      0x603
 *(.debug_str)
 .debug_str     0x0000000000000000      0x104 obj/default/hello_world_small.o
                                        0x11b (size before relaxing)
 .debug_str     0x0000000000000104      0x1b3 ../app01_bsp/\libhal_bsp.a(alt_load.o)
                                        0x235 (size before relaxing)
 .debug_str     0x00000000000002b7       0x8f ../app01_bsp/\libhal_bsp.a(alt_main.o)
                                        0x1ae (size before relaxing)
 .debug_str     0x0000000000000346       0x66 ../app01_bsp/\libhal_bsp.a(alt_putstr.o)
                                        0x18b (size before relaxing)
 .debug_str     0x00000000000003ac       0x86 ../app01_bsp/\libhal_bsp.a(alt_sys_init.o)
                                        0x21f (size before relaxing)
 .debug_str     0x0000000000000432       0x39 ../app01_bsp/\libhal_bsp.a(altera_avalon_jtag_uart_write.o)
                                        0x20e (size before relaxing)
 .debug_str     0x000000000000046b       0x1f ../app01_bsp/\libhal_bsp.a(alt_dcache_flush_all.o)
                                        0x14e (size before relaxing)
 .debug_str     0x000000000000048a       0x1f ../app01_bsp/\libhal_bsp.a(alt_icache_flush_all.o)
                                        0x14e (size before relaxing)
 .debug_str     0x00000000000004a9       0x20 ../app01_bsp/\libhal_bsp.a(altera_nios2_qsys_irq.o)
                                        0x155 (size before relaxing)
 .debug_str     0x00000000000004c9      0x13a c:/intelfpga_lite/18.1/nios2eds/bin/gnu/h-x86_64-mingw32/bin/../lib/gcc/nios2-elf/5.3.0/../../../../../H-x86_64-mingw32/nios2-elf/lib/mno-hw-mul\libsmallc.a(lib_a-strlen.o)
                                        0x1e5 (size before relaxing)

.debug_loc      0x0000000000000000      0x19a
 *(.debug_loc)
 .debug_loc     0x0000000000000000       0x99 obj/default/hello_world_small.o
 .debug_loc     0x0000000000000099       0x37 ../app01_bsp/\libhal_bsp.a(alt_putstr.o)
 .debug_loc     0x00000000000000d0       0x21 ../app01_bsp/\libhal_bsp.a(alt_sys_init.o)
 .debug_loc     0x00000000000000f1       0x8b ../app01_bsp/\libhal_bsp.a(altera_avalon_jtag_uart_write.o)
 .debug_loc     0x000000000000017c       0x1e c:/intelfpga_lite/18.1/nios2eds/bin/gnu/h-x86_64-mingw32/bin/../lib/gcc/nios2-elf/5.3.0/../../../../../H-x86_64-mingw32/nios2-elf/lib/mno-hw-mul\libsmallc.a(lib_a-strlen.o)

.debug_macinfo
 *(.debug_macinfo)

.debug_weaknames
 *(.debug_weaknames)

.debug_funcnames
 *(.debug_funcnames)

.debug_typenames
 *(.debug_typenames)

.debug_varnames
 *(.debug_varnames)

.debug_alt_sim_info
                0x0000000000000000       0x10
 *(.debug_alt_sim_info)
 .debug_alt_sim_info
                0x0000000000000000       0x10 ../app01_bsp//obj/HAL/src/crt0.o
                0x0000000000014000                __alt_data_end = 0x14000
                0x0000000000014000                PROVIDE (__alt_stack_pointer, __alt_data_end)
                [!provide]                        PROVIDE (__alt_stack_limit, __alt_stack_base)
                [!provide]                        PROVIDE (__alt_heap_start, end)
                [!provide]                        PROVIDE (__alt_heap_limit, 0x14000)
OUTPUT(app01.elf elf32-littlenios2)

.debug_ranges   0x0000000000000000       0xa8
 .debug_ranges  0x0000000000000000       0x20 ../app01_bsp//obj/HAL/src/crt0.o
 .debug_ranges  0x0000000000000020       0x30 obj/default/hello_world_small.o
 .debug_ranges  0x0000000000000050       0x48 ../app01_bsp/\libhal_bsp.a(alt_load.o)
 .debug_ranges  0x0000000000000098       0x10 c:/intelfpga_lite/18.1/nios2eds/bin/gnu/h-x86_64-mingw32/bin/../lib/gcc/nios2-elf/5.3.0/../../../../../H-x86_64-mingw32/nios2-elf/lib/mno-hw-mul\libsmallc.a(lib_a-strlen.o)
