Archive member included to satisfy reference by file (symbol)

../app00_bsp/\libhal_bsp.a(alt_load.o)
                              ../app00_bsp//obj/HAL/src/crt0.o (alt_load)
../app00_bsp/\libhal_bsp.a(alt_main.o)
                              ../app00_bsp//obj/HAL/src/crt0.o (alt_main)
../app00_bsp/\libhal_bsp.a(alt_sys_init.o)
                              ../app00_bsp/\libhal_bsp.a(alt_main.o) (alt_irq_init)
../app00_bsp/\libhal_bsp.a(alt_dcache_flush_all.o)
                              ../app00_bsp/\libhal_bsp.a(alt_load.o) (alt_dcache_flush_all)
../app00_bsp/\libhal_bsp.a(alt_icache_flush_all.o)
                              ../app00_bsp/\libhal_bsp.a(alt_load.o) (alt_icache_flush_all)
../app00_bsp/\libhal_bsp.a(altera_nios2_qsys_irq.o)
                              ../app00_bsp/\libhal_bsp.a(alt_sys_init.o) (altera_nios2_qsys_irq_init)

Memory Configuration

Name             Origin             Length             Attributes
reset            0x0000000000010000 0x0000000000000020
onchip_memory2_0 0x0000000000010020 0x0000000000003fe0
*default*        0x0000000000000000 0xffffffffffffffff

Linker script and memory map

LOAD ../app00_bsp//obj/HAL/src/crt0.o
LOAD obj/default/hello_world_small.o
LOAD c:/intelfpga_lite/18.1/nios2eds/bin/gnu/h-x86_64-mingw32/bin/../lib/gcc/nios2-elf/5.3.0/../../../../../H-x86_64-mingw32/nios2-elf/lib/mno-hw-mul\libstdc++.a
LOAD c:/intelfpga_lite/18.1/nios2eds/bin/gnu/h-x86_64-mingw32/bin/../lib/gcc/nios2-elf/5.3.0/../../../../../H-x86_64-mingw32/nios2-elf/lib/mno-hw-mul\libm.a
LOAD c:/intelfpga_lite/18.1/nios2eds/bin/gnu/h-x86_64-mingw32/bin/../lib/gcc/nios2-elf/5.3.0/mno-hw-mul\libgcc.a
START GROUP
LOAD c:/intelfpga_lite/18.1/nios2eds/bin/gnu/h-x86_64-mingw32/bin/../lib/gcc/nios2-elf/5.3.0/../../../../../H-x86_64-mingw32/nios2-elf/lib/mno-hw-mul\libsmallc.a
LOAD c:/intelfpga_lite/18.1/nios2eds/bin/gnu/h-x86_64-mingw32/bin/../lib/gcc/nios2-elf/5.3.0/mno-hw-mul\libgcc.a
LOAD ../app00_bsp/\libhal_bsp.a
LOAD c:/intelfpga_lite/18.1/nios2eds/bin/gnu/h-x86_64-mingw32/bin/../lib/gcc/nios2-elf/5.3.0/../../../../../H-x86_64-mingw32/nios2-elf/lib/mno-hw-mul\libm.a
END GROUP
LOAD c:/intelfpga_lite/18.1/nios2eds/bin/gnu/h-x86_64-mingw32/bin/../lib/gcc/nios2-elf/5.3.0/mno-hw-mul\libgcc.a
                0x0000000000010000                __alt_mem_onchip_memory2_0 = 0x10000

.entry          0x0000000000010000       0x20
 *(.entry)
 .entry         0x0000000000010000       0x20 ../app00_bsp//obj/HAL/src/crt0.o
                0x0000000000010000                __reset
                0x000000000001000c                _exit

.exceptions     0x0000000000010020        0x0
                0x0000000000010020                PROVIDE (__ram_exceptions_start, ABSOLUTE (.))
                0x0000000000010020                . = ALIGN (0x20)
 *(.irq)
 *(.exceptions.entry.label)
 *(.exceptions.entry.user)
 *(.exceptions.entry.ecc_fatal)
 *(.exceptions.entry)
 *(.exceptions.irqtest.user)
 *(.exceptions.irqtest)
 *(.exceptions.irqhandler.user)
 *(.exceptions.irqhandler)
 *(.exceptions.irqreturn.user)
 *(.exceptions.irqreturn)
 *(.exceptions.notirq.label)
 *(.exceptions.notirq.user)
 *(.exceptions.notirq)
 *(.exceptions.soft.user)
 *(.exceptions.soft)
 *(.exceptions.unknown.user)
 *(.exceptions.unknown)
 *(.exceptions.exit.label)
 *(.exceptions.exit.user)
 *(.exceptions.exit)
 *(.exceptions)
                0x0000000000010020                PROVIDE (__ram_exceptions_end, ABSOLUTE (.))
                0x0000000000010020                PROVIDE (__flash_exceptions_start, LOADADDR (.exceptions))

.text           0x0000000000010020      0x1a0
                [!provide]                        PROVIDE (stext, ABSOLUTE (.))
 *(.interp)
 *(.hash)
 *(.dynsym)
 *(.dynstr)
 *(.gnu.version)
 *(.gnu.version_d)
 *(.gnu.version_r)
 *(.rel.init)
 *(.rela.init)
 *(.rel.text .rel.text.* .rel.gnu.linkonce.t.*)
 *(.rela.text .rela.text.* .rela.gnu.linkonce.t.*)
 *(.rel.fini)
 *(.rela.fini)
 *(.rel.rodata .rel.rodata.* .rel.gnu.linkonce.r.*)
 *(.rela.rodata .rela.rodata.* .rela.gnu.linkonce.r.*)
 *(.rel.data .rel.data.* .rel.gnu.linkonce.d.*)
 *(.rela.data .rela.data.* .rela.gnu.linkonce.d.*)
 *(.rel.tdata .rel.tdata.* .rel.gnu.linkonce.td.*)
 *(.rela.tdata .rela.tdata.* .rela.gnu.linkonce.td.*)
 *(.rel.tbss .rel.tbss.* .rel.gnu.linkonce.tb.*)
 *(.rela.tbss .rela.tbss.* .rela.gnu.linkonce.tb.*)
 *(.rel.ctors)
 *(.rela.ctors)
 *(.rel.dtors)
 *(.rela.dtors)
 *(.rel.got)
 *(.rela.got)
 *(.rel.sdata .rel.sdata.* .rel.gnu.linkonce.s.*)
 *(.rela.sdata .rela.sdata.* .rela.gnu.linkonce.s.*)
 *(.rel.sbss .rel.sbss.* .rel.gnu.linkonce.sb.*)
 *(.rela.sbss .rela.sbss.* .rela.gnu.linkonce.sb.*)
 *(.rel.sdata2 .rel.sdata2.* .rel.gnu.linkonce.s2.*)
 *(.rela.sdata2 .rela.sdata2.* .rela.gnu.linkonce.s2.*)
 *(.rel.sbss2 .rel.sbss2.* .rel.gnu.linkonce.sb2.*)
 *(.rela.sbss2 .rela.sbss2.* .rela.gnu.linkonce.sb2.*)
 *(.rel.bss .rel.bss.* .rel.gnu.linkonce.b.*)
 *(.rela.bss .rela.bss.* .rela.gnu.linkonce.b.*)
 *(.rel.plt)
 *(.rela.plt)
 *(.rel.dyn)
 *(.init)
 *(.plt)
 *(.text .stub .text.* .gnu.linkonce.t.*)
 .text          0x0000000000010020       0x3c ../app00_bsp//obj/HAL/src/crt0.o
                0x0000000000010020                _start
 .text          0x000000000001005c        0x0 obj/default/hello_world_small.o
 .text.startup  0x000000000001005c       0x24 obj/default/hello_world_small.o
                0x000000000001005c                main
 .text          0x0000000000010080       0xe0 ../app00_bsp/\libhal_bsp.a(alt_load.o)
                0x0000000000010080                alt_load
 .text          0x0000000000010160       0x2c ../app00_bsp/\libhal_bsp.a(alt_main.o)
                0x0000000000010160                alt_main
 .text          0x000000000001018c       0x24 ../app00_bsp/\libhal_bsp.a(alt_sys_init.o)
                0x000000000001018c                alt_irq_init
                0x00000000000101ac                alt_sys_init
 .text          0x00000000000101b0        0x4 ../app00_bsp/\libhal_bsp.a(alt_dcache_flush_all.o)
                0x00000000000101b0                alt_dcache_flush_all
 .text          0x00000000000101b4        0x4 ../app00_bsp/\libhal_bsp.a(alt_icache_flush_all.o)
                0x00000000000101b4                alt_icache_flush_all
 .text          0x00000000000101b8        0x8 ../app00_bsp/\libhal_bsp.a(altera_nios2_qsys_irq.o)
                0x00000000000101b8                altera_nios2_qsys_irq_init
 *(.gnu.warning.*)
 *(.fini)
                [!provide]                        PROVIDE (__etext, ABSOLUTE (.))
                [!provide]                        PROVIDE (_etext, ABSOLUTE (.))
                [!provide]                        PROVIDE (etext, ABSOLUTE (.))
 *(.eh_frame_hdr)
                0x00000000000101c0                . = ALIGN (0x4)
                [!provide]                        PROVIDE (__preinit_array_start, ABSOLUTE (.))
 *(.preinit_array)
                [!provide]                        PROVIDE (__preinit_array_end, ABSOLUTE (.))
                [!provide]                        PROVIDE (__init_array_start, ABSOLUTE (.))
 *(.init_array)
                [!provide]                        PROVIDE (__init_array_end, ABSOLUTE (.))
                [!provide]                        PROVIDE (__fini_array_start, ABSOLUTE (.))
 *(.fini_array)
                [!provide]                        PROVIDE (__fini_array_end, ABSOLUTE (.))
 *(.eh_frame)
 *(.gcc_except_table .gcc_except_table.*)
 *(.dynamic)
                [!provide]                        PROVIDE (__CTOR_LIST__, ABSOLUTE (.))
 *(.ctors)
 *(SORT(.ctors.*))
                [!provide]                        PROVIDE (__CTOR_END__, ABSOLUTE (.))
                [!provide]                        PROVIDE (__DTOR_LIST__, ABSOLUTE (.))
 *(.dtors)
 *(SORT(.dtors.*))
                [!provide]                        PROVIDE (__DTOR_END__, ABSOLUTE (.))
 *(.jcr)
                0x00000000000101c0                . = ALIGN (0x4)

.rodata         0x00000000000101c0        0x0
                0x00000000000101c0                PROVIDE (__ram_rodata_start, ABSOLUTE (.))
                0x00000000000101c0                . = ALIGN (0x4)
 *(.rodata .rodata.* .gnu.linkonce.r.*)
 *(.rodata1)
                0x00000000000101c0                . = ALIGN (0x4)
                0x00000000000101c0                PROVIDE (__ram_rodata_end, ABSOLUTE (.))
                0x00000000000101c0                PROVIDE (__flash_rodata_start, LOADADDR (.rodata))

.rwdata         0x00000000000101c0        0x0
                0x00000000000101c0                PROVIDE (__ram_rwdata_start, ABSOLUTE (.))
                0x00000000000101c0                . = ALIGN (0x4)
 *(.got.plt)
 *(.got)
 *(.data1)
 *(.data .data.* .gnu.linkonce.d.*)
 .data          0x00000000000101c0        0x0 ../app00_bsp//obj/HAL/src/crt0.o
 .data          0x00000000000101c0        0x0 obj/default/hello_world_small.o
 .data          0x00000000000101c0        0x0 ../app00_bsp/\libhal_bsp.a(alt_load.o)
 .data          0x00000000000101c0        0x0 ../app00_bsp/\libhal_bsp.a(alt_main.o)
 .data          0x00000000000101c0        0x0 ../app00_bsp/\libhal_bsp.a(alt_sys_init.o)
 .data          0x00000000000101c0        0x0 ../app00_bsp/\libhal_bsp.a(alt_dcache_flush_all.o)
 .data          0x00000000000101c0        0x0 ../app00_bsp/\libhal_bsp.a(alt_icache_flush_all.o)
 .data          0x00000000000101c0        0x0 ../app00_bsp/\libhal_bsp.a(altera_nios2_qsys_irq.o)
                0x00000000000181c0                _gp = ABSOLUTE ((. + 0x8000))
                [!provide]                        PROVIDE (gp, _gp)
 *(.rwdata .rwdata.*)
 *(.sdata .sdata.* .gnu.linkonce.s.*)
 *(.sdata2 .sdata2.* .gnu.linkonce.s2.*)
                0x00000000000101c0                . = ALIGN (0x4)
                0x00000000000101c0                _edata = ABSOLUTE (.)
                [!provide]                        PROVIDE (edata, ABSOLUTE (.))
                0x00000000000101c0                PROVIDE (__ram_rwdata_end, ABSOLUTE (.))
                0x00000000000101c0                PROVIDE (__flash_rwdata_start, LOADADDR (.rwdata))

.bss            0x00000000000101c0        0xc
                0x00000000000101c0                __bss_start = ABSOLUTE (.)
                [!provide]                        PROVIDE (__sbss_start, ABSOLUTE (.))
                [!provide]                        PROVIDE (___sbss_start, ABSOLUTE (.))
 *(.dynsbss)
 *(.sbss .sbss.* .gnu.linkonce.sb.*)
 .sbss          0x00000000000101c0        0xc ../app00_bsp/\libhal_bsp.a(alt_main.o)
                0x00000000000101c0                alt_envp
                0x00000000000101c4                alt_argv
                0x00000000000101c8                alt_argc
 *(.sbss2 .sbss2.* .gnu.linkonce.sb2.*)
 *(.scommon)
                [!provide]                        PROVIDE (__sbss_end, ABSOLUTE (.))
                [!provide]                        PROVIDE (___sbss_end, ABSOLUTE (.))
 *(.dynbss)
 *(.bss .bss.* .gnu.linkonce.b.*)
 .bss           0x00000000000101cc        0x0 ../app00_bsp//obj/HAL/src/crt0.o
 .bss           0x00000000000101cc        0x0 obj/default/hello_world_small.o
 .bss           0x00000000000101cc        0x0 ../app00_bsp/\libhal_bsp.a(alt_load.o)
 .bss           0x00000000000101cc        0x0 ../app00_bsp/\libhal_bsp.a(alt_main.o)
 .bss           0x00000000000101cc        0x0 ../app00_bsp/\libhal_bsp.a(alt_sys_init.o)
 .bss           0x00000000000101cc        0x0 ../app00_bsp/\libhal_bsp.a(alt_dcache_flush_all.o)
 .bss           0x00000000000101cc        0x0 ../app00_bsp/\libhal_bsp.a(alt_icache_flush_all.o)
 .bss           0x00000000000101cc        0x0 ../app00_bsp/\libhal_bsp.a(altera_nios2_qsys_irq.o)
 *(COMMON)
                0x00000000000101cc                . = ALIGN (0x4)
                0x00000000000101cc                __bss_end = ABSOLUTE (.)

.onchip_memory2_0
                0x00000000000101cc        0x0
                [!provide]                        PROVIDE (_alt_partition_onchip_memory2_0_start, ABSOLUTE (.))
 *(.onchip_memory2_0 .onchip_memory2_0. onchip_memory2_0.*)
                0x00000000000101cc                . = ALIGN (0x4)
                [!provide]                        PROVIDE (_alt_partition_onchip_memory2_0_end, ABSOLUTE (.))
                0x00000000000101cc                _end = ABSOLUTE (.)
                0x00000000000101cc                end = ABSOLUTE (.)
                0x00000000000101cc                __alt_stack_base = ABSOLUTE (.)
                [!provide]                        PROVIDE (_alt_partition_onchip_memory2_0_load_addr, LOADADDR (.onchip_memory2_0))

.stab
 *(.stab)

.stabstr
 *(.stabstr)

.stab.excl
 *(.stab.excl)

.stab.exclstr
 *(.stab.exclstr)

.stab.index
 *(.stab.index)

.stab.indexstr
 *(.stab.indexstr)

.comment        0x0000000000000000       0x23
 *(.comment)
 .comment       0x0000000000000000       0x23 obj/default/hello_world_small.o
                                         0x24 (size before relaxing)
 .comment       0x0000000000000023       0x24 ../app00_bsp/\libhal_bsp.a(alt_load.o)
 .comment       0x0000000000000023       0x24 ../app00_bsp/\libhal_bsp.a(alt_main.o)
 .comment       0x0000000000000023       0x24 ../app00_bsp/\libhal_bsp.a(alt_sys_init.o)
 .comment       0x0000000000000023       0x24 ../app00_bsp/\libhal_bsp.a(alt_dcache_flush_all.o)
 .comment       0x0000000000000023       0x24 ../app00_bsp/\libhal_bsp.a(alt_icache_flush_all.o)
 .comment       0x0000000000000023       0x24 ../app00_bsp/\libhal_bsp.a(altera_nios2_qsys_irq.o)

.debug
 *(.debug)

.line
 *(.line)

.debug_srcinfo
 *(.debug_srcinfo)

.debug_sfnames
 *(.debug_sfnames)

.debug_aranges  0x0000000000000000      0x108
 *(.debug_aranges)
 .debug_aranges
                0x0000000000000000       0x28 ../app00_bsp//obj/HAL/src/crt0.o
 .debug_aranges
                0x0000000000000028       0x20 obj/default/hello_world_small.o
 .debug_aranges
                0x0000000000000048       0x20 ../app00_bsp/\libhal_bsp.a(alt_load.o)
 .debug_aranges
                0x0000000000000068       0x20 ../app00_bsp/\libhal_bsp.a(alt_main.o)
 .debug_aranges
                0x0000000000000088       0x20 ../app00_bsp/\libhal_bsp.a(alt_sys_init.o)
 .debug_aranges
                0x00000000000000a8       0x20 ../app00_bsp/\libhal_bsp.a(alt_dcache_flush_all.o)
 .debug_aranges
                0x00000000000000c8       0x20 ../app00_bsp/\libhal_bsp.a(alt_icache_flush_all.o)
 .debug_aranges
                0x00000000000000e8       0x20 ../app00_bsp/\libhal_bsp.a(altera_nios2_qsys_irq.o)

.debug_pubnames
 *(.debug_pubnames)

.debug_info     0x0000000000000000      0x6ec
 *(.debug_info .gnu.linkonce.wi.*)
 .debug_info    0x0000000000000000       0x67 ../app00_bsp//obj/HAL/src/crt0.o
 .debug_info    0x0000000000000067       0x42 obj/default/hello_world_small.o
 .debug_info    0x00000000000000a9      0x1c9 ../app00_bsp/\libhal_bsp.a(alt_load.o)
 .debug_info    0x0000000000000272      0x18f ../app00_bsp/\libhal_bsp.a(alt_main.o)
 .debug_info    0x0000000000000401      0x10f ../app00_bsp/\libhal_bsp.a(alt_sys_init.o)
 .debug_info    0x0000000000000510       0x92 ../app00_bsp/\libhal_bsp.a(alt_dcache_flush_all.o)
 .debug_info    0x00000000000005a2       0x92 ../app00_bsp/\libhal_bsp.a(alt_icache_flush_all.o)
 .debug_info    0x0000000000000634       0xb8 ../app00_bsp/\libhal_bsp.a(altera_nios2_qsys_irq.o)

.debug_abbrev   0x0000000000000000      0x3dc
 *(.debug_abbrev)
 .debug_abbrev  0x0000000000000000       0x12 ../app00_bsp//obj/HAL/src/crt0.o
 .debug_abbrev  0x0000000000000012       0x3a obj/default/hello_world_small.o
 .debug_abbrev  0x000000000000004c       0xd8 ../app00_bsp/\libhal_bsp.a(alt_load.o)
 .debug_abbrev  0x0000000000000124       0xf5 ../app00_bsp/\libhal_bsp.a(alt_main.o)
 .debug_abbrev  0x0000000000000219       0xd8 ../app00_bsp/\libhal_bsp.a(alt_sys_init.o)
 .debug_abbrev  0x00000000000002f1       0x42 ../app00_bsp/\libhal_bsp.a(alt_dcache_flush_all.o)
 .debug_abbrev  0x0000000000000333       0x42 ../app00_bsp/\libhal_bsp.a(alt_icache_flush_all.o)
 .debug_abbrev  0x0000000000000375       0x67 ../app00_bsp/\libhal_bsp.a(altera_nios2_qsys_irq.o)

.debug_line     0x0000000000000000      0x42d
 *(.debug_line)
 .debug_line    0x0000000000000000       0x66 ../app00_bsp//obj/HAL/src/crt0.o
 .debug_line    0x0000000000000066       0x52 obj/default/hello_world_small.o
 .debug_line    0x00000000000000b8       0xa4 ../app00_bsp/\libhal_bsp.a(alt_load.o)
 .debug_line    0x000000000000015c       0xea ../app00_bsp/\libhal_bsp.a(alt_main.o)
 .debug_line    0x0000000000000246       0xbf ../app00_bsp/\libhal_bsp.a(alt_sys_init.o)
 .debug_line    0x0000000000000305       0x4e ../app00_bsp/\libhal_bsp.a(alt_dcache_flush_all.o)
 .debug_line    0x0000000000000353       0x4e ../app00_bsp/\libhal_bsp.a(alt_icache_flush_all.o)
 .debug_line    0x00000000000003a1       0x8c ../app00_bsp/\libhal_bsp.a(altera_nios2_qsys_irq.o)

.debug_frame    0x0000000000000000      0x118
 *(.debug_frame)
 .debug_frame   0x0000000000000000       0x20 obj/default/hello_world_small.o
 .debug_frame   0x0000000000000020       0x30 ../app00_bsp/\libhal_bsp.a(alt_load.o)
 .debug_frame   0x0000000000000050       0x2c ../app00_bsp/\libhal_bsp.a(alt_main.o)
 .debug_frame   0x000000000000007c       0x3c ../app00_bsp/\libhal_bsp.a(alt_sys_init.o)
 .debug_frame   0x00000000000000b8       0x20 ../app00_bsp/\libhal_bsp.a(alt_dcache_flush_all.o)
 .debug_frame   0x00000000000000d8       0x20 ../app00_bsp/\libhal_bsp.a(alt_icache_flush_all.o)
 .debug_frame   0x00000000000000f8       0x20 ../app00_bsp/\libhal_bsp.a(altera_nios2_qsys_irq.o)

.debug_str      0x0000000000000000      0x39a
 *(.debug_str)
 .debug_str     0x0000000000000000       0x8c obj/default/hello_world_small.o
                                         0x91 (size before relaxing)
 .debug_str     0x000000000000008c      0x1b3 ../app00_bsp/\libhal_bsp.a(alt_load.o)
                                        0x235 (size before relaxing)
 .debug_str     0x000000000000023f       0xb0 ../app00_bsp/\libhal_bsp.a(alt_main.o)
                                        0x1d7 (size before relaxing)
 .debug_str     0x00000000000002ef       0x4d ../app00_bsp/\libhal_bsp.a(alt_sys_init.o)
                                        0x1aa (size before relaxing)
 .debug_str     0x000000000000033c       0x1f ../app00_bsp/\libhal_bsp.a(alt_dcache_flush_all.o)
                                        0x14e (size before relaxing)
 .debug_str     0x000000000000035b       0x1f ../app00_bsp/\libhal_bsp.a(alt_icache_flush_all.o)
                                        0x14e (size before relaxing)
 .debug_str     0x000000000000037a       0x20 ../app00_bsp/\libhal_bsp.a(altera_nios2_qsys_irq.o)
                                        0x17e (size before relaxing)

.debug_loc      0x0000000000000000       0x21
 *(.debug_loc)
 .debug_loc     0x0000000000000000       0x21 ../app00_bsp/\libhal_bsp.a(alt_sys_init.o)

.debug_macinfo
 *(.debug_macinfo)

.debug_weaknames
 *(.debug_weaknames)

.debug_funcnames
 *(.debug_funcnames)

.debug_typenames
 *(.debug_typenames)

.debug_varnames
 *(.debug_varnames)

.debug_alt_sim_info
                0x0000000000000000       0x10
 *(.debug_alt_sim_info)
 .debug_alt_sim_info
                0x0000000000000000       0x10 ../app00_bsp//obj/HAL/src/crt0.o
                0x0000000000014000                __alt_data_end = 0x14000
                0x0000000000014000                PROVIDE (__alt_stack_pointer, __alt_data_end)
                [!provide]                        PROVIDE (__alt_stack_limit, __alt_stack_base)
                [!provide]                        PROVIDE (__alt_heap_start, end)
                [!provide]                        PROVIDE (__alt_heap_limit, 0x14000)
OUTPUT(app00.elf elf32-littlenios2)

.debug_ranges   0x0000000000000000       0x78
 .debug_ranges  0x0000000000000000       0x20 ../app00_bsp//obj/HAL/src/crt0.o
 .debug_ranges  0x0000000000000020       0x10 obj/default/hello_world_small.o
 .debug_ranges  0x0000000000000030       0x48 ../app00_bsp/\libhal_bsp.a(alt_load.o)
