Archive member included to satisfy reference by file (symbol)

c:/intelfpga_lite/18.1/nios2eds/bin/gnu/h-x86_64-mingw32/bin/../lib/gcc/nios2-elf/5.3.0/mno-hw-mul\libgcc.a(lib2-divmod.o)
                              obj/default/hello_world_small.o (__udivsi3)
c:/intelfpga_lite/18.1/nios2eds/bin/gnu/h-x86_64-mingw32/bin/../lib/gcc/nios2-elf/5.3.0/mno-hw-mul\libgcc.a(lib2-mul.o)
                              obj/default/hello_world_small.o (__mulsi3)
../app03_bsp/\libhal_bsp.a(alt_load.o)
                              ../app03_bsp//obj/HAL/src/crt0.o (alt_load)
../app03_bsp/\libhal_bsp.a(alt_main.o)
                              ../app03_bsp//obj/HAL/src/crt0.o (alt_main)
../app03_bsp/\libhal_bsp.a(alt_putstr.o)
                              obj/default/hello_world_small.o (alt_putstr)
../app03_bsp/\libhal_bsp.a(alt_sys_init.o)
                              ../app03_bsp/\libhal_bsp.a(alt_main.o) (alt_irq_init)
../app03_bsp/\libhal_bsp.a(altera_avalon_jtag_uart_write.o)
                              ../app03_bsp/\libhal_bsp.a(alt_putstr.o) (altera_avalon_jtag_uart_write)
../app03_bsp/\libhal_bsp.a(alt_dcache_flush_all.o)
                              ../app03_bsp/\libhal_bsp.a(alt_load.o) (alt_dcache_flush_all)
../app03_bsp/\libhal_bsp.a(alt_icache_flush_all.o)
                              ../app03_bsp/\libhal_bsp.a(alt_load.o) (alt_icache_flush_all)
../app03_bsp/\libhal_bsp.a(altera_nios2_qsys_irq.o)
                              ../app03_bsp/\libhal_bsp.a(alt_sys_init.o) (altera_nios2_qsys_irq_init)
c:/intelfpga_lite/18.1/nios2eds/bin/gnu/h-x86_64-mingw32/bin/../lib/gcc/nios2-elf/5.3.0/../../../../../H-x86_64-mingw32/nios2-elf/lib/mno-hw-mul\libsmallc.a(lib_a-strlen.o)
                              ../app03_bsp/\libhal_bsp.a(alt_putstr.o) (strlen)

Allocating common symbols
Common symbol       size              file

Decode              0x20              obj/default/hello_world_small.o
state               0x3               obj/default/hello_world_small.o
Duty                0x20              obj/default/hello_world_small.o
Period              0x20              obj/default/hello_world_small.o

Memory Configuration

Name             Origin             Length             Attributes
reset            0x0000000000010000 0x0000000000000020
onchip_memory2_0 0x0000000000010020 0x0000000000003fe0
*default*        0x0000000000000000 0xffffffffffffffff

Linker script and memory map

LOAD ../app03_bsp//obj/HAL/src/crt0.o
LOAD obj/default/hello_world_small.o
LOAD c:/intelfpga_lite/18.1/nios2eds/bin/gnu/h-x86_64-mingw32/bin/../lib/gcc/nios2-elf/5.3.0/../../../../../H-x86_64-mingw32/nios2-elf/lib/mno-hw-mul\libstdc++.a
LOAD c:/intelfpga_lite/18.1/nios2eds/bin/gnu/h-x86_64-mingw32/bin/../lib/gcc/nios2-elf/5.3.0/../../../../../H-x86_64-mingw32/nios2-elf/lib/mno-hw-mul\libm.a
LOAD c:/intelfpga_lite/18.1/nios2eds/bin/gnu/h-x86_64-mingw32/bin/../lib/gcc/nios2-elf/5.3.0/mno-hw-mul\libgcc.a
START GROUP
LOAD c:/intelfpga_lite/18.1/nios2eds/bin/gnu/h-x86_64-mingw32/bin/../lib/gcc/nios2-elf/5.3.0/../../../../../H-x86_64-mingw32/nios2-elf/lib/mno-hw-mul\libsmallc.a
LOAD c:/intelfpga_lite/18.1/nios2eds/bin/gnu/h-x86_64-mingw32/bin/../lib/gcc/nios2-elf/5.3.0/mno-hw-mul\libgcc.a
LOAD ../app03_bsp/\libhal_bsp.a
LOAD c:/intelfpga_lite/18.1/nios2eds/bin/gnu/h-x86_64-mingw32/bin/../lib/gcc/nios2-elf/5.3.0/../../../../../H-x86_64-mingw32/nios2-elf/lib/mno-hw-mul\libm.a
END GROUP
LOAD c:/intelfpga_lite/18.1/nios2eds/bin/gnu/h-x86_64-mingw32/bin/../lib/gcc/nios2-elf/5.3.0/mno-hw-mul\libgcc.a
                0x0000000000010000                __alt_mem_onchip_memory2_0 = 0x10000

.entry          0x0000000000010000       0x20
 *(.entry)
 .entry         0x0000000000010000       0x20 ../app03_bsp//obj/HAL/src/crt0.o
                0x0000000000010000                __reset
                0x000000000001000c                _exit

.exceptions     0x0000000000010020        0x0
                0x0000000000010020                PROVIDE (__ram_exceptions_start, ABSOLUTE (.))
                0x0000000000010020                . = ALIGN (0x20)
 *(.irq)
 *(.exceptions.entry.label)
 *(.exceptions.entry.user)
 *(.exceptions.entry.ecc_fatal)
 *(.exceptions.entry)
 *(.exceptions.irqtest.user)
 *(.exceptions.irqtest)
 *(.exceptions.irqhandler.user)
 *(.exceptions.irqhandler)
 *(.exceptions.irqreturn.user)
 *(.exceptions.irqreturn)
 *(.exceptions.notirq.label)
 *(.exceptions.notirq.user)
 *(.exceptions.notirq)
 *(.exceptions.soft.user)
 *(.exceptions.soft)
 *(.exceptions.unknown.user)
 *(.exceptions.unknown)
 *(.exceptions.exit.label)
 *(.exceptions.exit.user)
 *(.exceptions.exit)
 *(.exceptions)
                0x0000000000010020                PROVIDE (__ram_exceptions_end, ABSOLUTE (.))
                0x0000000000010020                PROVIDE (__flash_exceptions_start, LOADADDR (.exceptions))

.text           0x0000000000010020     0x1a20
                [!provide]                        PROVIDE (stext, ABSOLUTE (.))
 *(.interp)
 *(.hash)
 *(.dynsym)
 *(.dynstr)
 *(.gnu.version)
 *(.gnu.version_d)
 *(.gnu.version_r)
 *(.rel.init)
 *(.rela.init)
 *(.rel.text .rel.text.* .rel.gnu.linkonce.t.*)
 *(.rela.text .rela.text.* .rela.gnu.linkonce.t.*)
 *(.rel.fini)
 *(.rela.fini)
 *(.rel.rodata .rel.rodata.* .rel.gnu.linkonce.r.*)
 *(.rela.rodata .rela.rodata.* .rela.gnu.linkonce.r.*)
 *(.rel.data .rel.data.* .rel.gnu.linkonce.d.*)
 *(.rela.data .rela.data.* .rela.gnu.linkonce.d.*)
 *(.rel.tdata .rel.tdata.* .rel.gnu.linkonce.td.*)
 *(.rela.tdata .rela.tdata.* .rela.gnu.linkonce.td.*)
 *(.rel.tbss .rel.tbss.* .rel.gnu.linkonce.tb.*)
 *(.rela.tbss .rela.tbss.* .rela.gnu.linkonce.tb.*)
 *(.rel.ctors)
 *(.rela.ctors)
 *(.rel.dtors)
 *(.rela.dtors)
 *(.rel.got)
 *(.rela.got)
 *(.rel.sdata .rel.sdata.* .rel.gnu.linkonce.s.*)
 *(.rela.sdata .rela.sdata.* .rela.gnu.linkonce.s.*)
 *(.rel.sbss .rel.sbss.* .rel.gnu.linkonce.sb.*)
 *(.rela.sbss .rela.sbss.* .rela.gnu.linkonce.sb.*)
 *(.rel.sdata2 .rel.sdata2.* .rel.gnu.linkonce.s2.*)
 *(.rela.sdata2 .rela.sdata2.* .rela.gnu.linkonce.s2.*)
 *(.rel.sbss2 .rel.sbss2.* .rel.gnu.linkonce.sb2.*)
 *(.rela.sbss2 .rela.sbss2.* .rela.gnu.linkonce.sb2.*)
 *(.rel.bss .rel.bss.* .rel.gnu.linkonce.b.*)
 *(.rela.bss .rela.bss.* .rela.gnu.linkonce.b.*)
 *(.rel.plt)
 *(.rela.plt)
 *(.rel.dyn)
 *(.init)
 *(.plt)
 *(.text .stub .text.* .gnu.linkonce.t.*)
 .text          0x0000000000010020       0x3c ../app03_bsp//obj/HAL/src/crt0.o
                0x0000000000010020                _start
 .text          0x000000000001005c      0x8dc obj/default/hello_world_small.o
                0x000000000001005c                _wait
                0x0000000000010094                Seg7Enc
                0x00000000000101fc                TurnOffSeg
                0x0000000000010264                DispPeriod
                0x0000000000010580                DispDuty
                0x00000000000106cc                DispChN
                0x0000000000010800                DispAll
 .text.startup  0x0000000000010938      0xd64 obj/default/hello_world_small.o
                0x0000000000010938                main
 .text          0x000000000001169c      0x1b4 c:/intelfpga_lite/18.1/nios2eds/bin/gnu/h-x86_64-mingw32/bin/../lib/gcc/nios2-elf/5.3.0/mno-hw-mul\libgcc.a(lib2-divmod.o)
                0x000000000001169c                __divsi3
                0x0000000000011720                __modsi3
                0x0000000000011794                __udivsi3
                0x00000000000117f8                __umodsi3
 .text          0x0000000000011850       0x28 c:/intelfpga_lite/18.1/nios2eds/bin/gnu/h-x86_64-mingw32/bin/../lib/gcc/nios2-elf/5.3.0/mno-hw-mul\libgcc.a(lib2-mul.o)
                0x0000000000011850                __mulsi3
 .text          0x0000000000011878       0xe0 ../app03_bsp/\libhal_bsp.a(alt_load.o)
                0x0000000000011878                alt_load
 .text          0x0000000000011958       0x2c ../app03_bsp/\libhal_bsp.a(alt_main.o)
                0x0000000000011958                alt_main
 .text          0x0000000000011984       0x38 ../app03_bsp/\libhal_bsp.a(alt_putstr.o)
                0x0000000000011984                alt_putstr
 .text          0x00000000000119bc       0x24 ../app03_bsp/\libhal_bsp.a(alt_sys_init.o)
                0x00000000000119bc                alt_irq_init
                0x00000000000119dc                alt_sys_init
 .text          0x00000000000119e0       0x34 ../app03_bsp/\libhal_bsp.a(altera_avalon_jtag_uart_write.o)
                0x00000000000119e0                altera_avalon_jtag_uart_write
 .text          0x0000000000011a14        0x4 ../app03_bsp/\libhal_bsp.a(alt_dcache_flush_all.o)
                0x0000000000011a14                alt_dcache_flush_all
 .text          0x0000000000011a18        0x4 ../app03_bsp/\libhal_bsp.a(alt_icache_flush_all.o)
                0x0000000000011a18                alt_icache_flush_all
 .text          0x0000000000011a1c        0x8 ../app03_bsp/\libhal_bsp.a(altera_nios2_qsys_irq.o)
                0x0000000000011a1c                altera_nios2_qsys_irq_init
 .text          0x0000000000011a24        0x0 c:/intelfpga_lite/18.1/nios2eds/bin/gnu/h-x86_64-mingw32/bin/../lib/gcc/nios2-elf/5.3.0/../../../../../H-x86_64-mingw32/nios2-elf/lib/mno-hw-mul\libsmallc.a(lib_a-strlen.o)
 .text.strlen   0x0000000000011a24       0x1c c:/intelfpga_lite/18.1/nios2eds/bin/gnu/h-x86_64-mingw32/bin/../lib/gcc/nios2-elf/5.3.0/../../../../../H-x86_64-mingw32/nios2-elf/lib/mno-hw-mul\libsmallc.a(lib_a-strlen.o)
                0x0000000000011a24                strlen
 *(.gnu.warning.*)
 *(.fini)
                [!provide]                        PROVIDE (__etext, ABSOLUTE (.))
                [!provide]                        PROVIDE (_etext, ABSOLUTE (.))
                [!provide]                        PROVIDE (etext, ABSOLUTE (.))
 *(.eh_frame_hdr)
                0x0000000000011a40                . = ALIGN (0x4)
                [!provide]                        PROVIDE (__preinit_array_start, ABSOLUTE (.))
 *(.preinit_array)
                [!provide]                        PROVIDE (__preinit_array_end, ABSOLUTE (.))
                [!provide]                        PROVIDE (__init_array_start, ABSOLUTE (.))
 *(.init_array)
                [!provide]                        PROVIDE (__init_array_end, ABSOLUTE (.))
                [!provide]                        PROVIDE (__fini_array_start, ABSOLUTE (.))
 *(.fini_array)
                [!provide]                        PROVIDE (__fini_array_end, ABSOLUTE (.))
 *(.eh_frame)
 *(.gcc_except_table .gcc_except_table.*)
 *(.dynamic)
                [!provide]                        PROVIDE (__CTOR_LIST__, ABSOLUTE (.))
 *(.ctors)
 *(SORT(.ctors.*))
                [!provide]                        PROVIDE (__CTOR_END__, ABSOLUTE (.))
                [!provide]                        PROVIDE (__DTOR_LIST__, ABSOLUTE (.))
 *(.dtors)
 *(SORT(.dtors.*))
                [!provide]                        PROVIDE (__DTOR_END__, ABSOLUTE (.))
 *(.jcr)
                0x0000000000011a40                . = ALIGN (0x4)

.rodata         0x0000000000011a40       0x20
                0x0000000000011a40                PROVIDE (__ram_rodata_start, ABSOLUTE (.))
                0x0000000000011a40                . = ALIGN (0x4)
 *(.rodata .rodata.* .gnu.linkonce.r.*)
 .rodata.str1.4
                0x0000000000011a40       0x20 obj/default/hello_world_small.o
 *(.rodata1)
                0x0000000000011a60                . = ALIGN (0x4)
                0x0000000000011a60                PROVIDE (__ram_rodata_end, ABSOLUTE (.))
                0x0000000000011a40                PROVIDE (__flash_rodata_start, LOADADDR (.rodata))

.rwdata         0x0000000000011a60        0x0
                0x0000000000011a60                PROVIDE (__ram_rwdata_start, ABSOLUTE (.))
                0x0000000000011a60                . = ALIGN (0x4)
 *(.got.plt)
 *(.got)
 *(.data1)
 *(.data .data.* .gnu.linkonce.d.*)
 .data          0x0000000000011a60        0x0 ../app03_bsp//obj/HAL/src/crt0.o
 .data          0x0000000000011a60        0x0 obj/default/hello_world_small.o
 .data          0x0000000000011a60        0x0 c:/intelfpga_lite/18.1/nios2eds/bin/gnu/h-x86_64-mingw32/bin/../lib/gcc/nios2-elf/5.3.0/mno-hw-mul\libgcc.a(lib2-divmod.o)
 .data          0x0000000000011a60        0x0 c:/intelfpga_lite/18.1/nios2eds/bin/gnu/h-x86_64-mingw32/bin/../lib/gcc/nios2-elf/5.3.0/mno-hw-mul\libgcc.a(lib2-mul.o)
 .data          0x0000000000011a60        0x0 ../app03_bsp/\libhal_bsp.a(alt_load.o)
 .data          0x0000000000011a60        0x0 ../app03_bsp/\libhal_bsp.a(alt_main.o)
 .data          0x0000000000011a60        0x0 ../app03_bsp/\libhal_bsp.a(alt_putstr.o)
 .data          0x0000000000011a60        0x0 ../app03_bsp/\libhal_bsp.a(alt_sys_init.o)
 .data          0x0000000000011a60        0x0 ../app03_bsp/\libhal_bsp.a(altera_avalon_jtag_uart_write.o)
 .data          0x0000000000011a60        0x0 ../app03_bsp/\libhal_bsp.a(alt_dcache_flush_all.o)
 .data          0x0000000000011a60        0x0 ../app03_bsp/\libhal_bsp.a(alt_icache_flush_all.o)
 .data          0x0000000000011a60        0x0 ../app03_bsp/\libhal_bsp.a(altera_nios2_qsys_irq.o)
 .data          0x0000000000011a60        0x0 c:/intelfpga_lite/18.1/nios2eds/bin/gnu/h-x86_64-mingw32/bin/../lib/gcc/nios2-elf/5.3.0/../../../../../H-x86_64-mingw32/nios2-elf/lib/mno-hw-mul\libsmallc.a(lib_a-strlen.o)
                0x0000000000019a60                _gp = ABSOLUTE ((. + 0x8000))
                [!provide]                        PROVIDE (gp, _gp)
 *(.rwdata .rwdata.*)
 *(.sdata .sdata.* .gnu.linkonce.s.*)
 *(.sdata2 .sdata2.* .gnu.linkonce.s2.*)
                0x0000000000011a60                . = ALIGN (0x4)
                0x0000000000011a60                _edata = ABSOLUTE (.)
                [!provide]                        PROVIDE (edata, ABSOLUTE (.))
                0x0000000000011a60                PROVIDE (__ram_rwdata_end, ABSOLUTE (.))
                0x0000000000011a60                PROVIDE (__flash_rwdata_start, LOADADDR (.rwdata))

.bss            0x0000000000011a60       0x8c
                0x0000000000011a60                __bss_start = ABSOLUTE (.)
                [!provide]                        PROVIDE (__sbss_start, ABSOLUTE (.))
                [!provide]                        PROVIDE (___sbss_start, ABSOLUTE (.))
 *(.dynsbss)
 *(.sbss .sbss.* .gnu.linkonce.sb.*)
 .sbss          0x0000000000011a60       0x18 obj/default/hello_world_small.o
                0x0000000000011a60                ChN
                0x0000000000011a64                Category
                0x0000000000011a68                blinkco
                0x0000000000011a6c                BlinkEnb
                0x0000000000011a70                dn
                0x0000000000011a74                pn
 .sbss          0x0000000000011a78        0x3 obj/default/hello_world_small.o
                0x0000000000011a78                state
 *fill*         0x0000000000011a7b        0x1 
 .sbss          0x0000000000011a7c        0xc ../app03_bsp/\libhal_bsp.a(alt_main.o)
                0x0000000000011a7c                alt_envp
                0x0000000000011a80                alt_argv
                0x0000000000011a84                alt_argc
 .sbss          0x0000000000011a88        0x4 ../app03_bsp/\libhal_bsp.a(alt_sys_init.o)
                0x0000000000011a88                jtag_uart_0
 *(.sbss2 .sbss2.* .gnu.linkonce.sb2.*)
 *(.scommon)
                [!provide]                        PROVIDE (__sbss_end, ABSOLUTE (.))
                [!provide]                        PROVIDE (___sbss_end, ABSOLUTE (.))
 *(.dynbss)
 *(.bss .bss.* .gnu.linkonce.b.*)
 .bss           0x0000000000011a8c        0x0 ../app03_bsp//obj/HAL/src/crt0.o
 .bss           0x0000000000011a8c        0x0 obj/default/hello_world_small.o
 .bss           0x0000000000011a8c        0x0 c:/intelfpga_lite/18.1/nios2eds/bin/gnu/h-x86_64-mingw32/bin/../lib/gcc/nios2-elf/5.3.0/mno-hw-mul\libgcc.a(lib2-divmod.o)
 .bss           0x0000000000011a8c        0x0 c:/intelfpga_lite/18.1/nios2eds/bin/gnu/h-x86_64-mingw32/bin/../lib/gcc/nios2-elf/5.3.0/mno-hw-mul\libgcc.a(lib2-mul.o)
 .bss           0x0000000000011a8c        0x0 ../app03_bsp/\libhal_bsp.a(alt_load.o)
 .bss           0x0000000000011a8c        0x0 ../app03_bsp/\libhal_bsp.a(alt_main.o)
 .bss           0x0000000000011a8c        0x0 ../app03_bsp/\libhal_bsp.a(alt_putstr.o)
 .bss           0x0000000000011a8c        0x0 ../app03_bsp/\libhal_bsp.a(alt_sys_init.o)
 .bss           0x0000000000011a8c        0x0 ../app03_bsp/\libhal_bsp.a(altera_avalon_jtag_uart_write.o)
 .bss           0x0000000000011a8c        0x0 ../app03_bsp/\libhal_bsp.a(alt_dcache_flush_all.o)
 .bss           0x0000000000011a8c        0x0 ../app03_bsp/\libhal_bsp.a(alt_icache_flush_all.o)
 .bss           0x0000000000011a8c        0x0 ../app03_bsp/\libhal_bsp.a(altera_nios2_qsys_irq.o)
 .bss           0x0000000000011a8c        0x0 c:/intelfpga_lite/18.1/nios2eds/bin/gnu/h-x86_64-mingw32/bin/../lib/gcc/nios2-elf/5.3.0/../../../../../H-x86_64-mingw32/nios2-elf/lib/mno-hw-mul\libsmallc.a(lib_a-strlen.o)
 *(COMMON)
 COMMON         0x0000000000011a8c       0x60 obj/default/hello_world_small.o
                0x0000000000011a8c                Decode
                0x0000000000011aac                Duty
                0x0000000000011acc                Period
                0x0000000000011aec                . = ALIGN (0x4)
                0x0000000000011aec                __bss_end = ABSOLUTE (.)

.onchip_memory2_0
                0x0000000000011aec        0x0
                [!provide]                        PROVIDE (_alt_partition_onchip_memory2_0_start, ABSOLUTE (.))
 *(.onchip_memory2_0 .onchip_memory2_0. onchip_memory2_0.*)
                0x0000000000011aec                . = ALIGN (0x4)
                [!provide]                        PROVIDE (_alt_partition_onchip_memory2_0_end, ABSOLUTE (.))
                0x0000000000011aec                _end = ABSOLUTE (.)
                0x0000000000011aec                end = ABSOLUTE (.)
                0x0000000000011aec                __alt_stack_base = ABSOLUTE (.)
                [!provide]                        PROVIDE (_alt_partition_onchip_memory2_0_load_addr, LOADADDR (.onchip_memory2_0))

.stab
 *(.stab)

.stabstr
 *(.stabstr)

.stab.excl
 *(.stab.excl)

.stab.exclstr
 *(.stab.exclstr)

.stab.index
 *(.stab.index)

.stab.indexstr
 *(.stab.indexstr)

.comment        0x0000000000000000       0x23
 *(.comment)
 .comment       0x0000000000000000       0x23 obj/default/hello_world_small.o
                                         0x24 (size before relaxing)
 .comment       0x0000000000000023       0x24 c:/intelfpga_lite/18.1/nios2eds/bin/gnu/h-x86_64-mingw32/bin/../lib/gcc/nios2-elf/5.3.0/mno-hw-mul\libgcc.a(lib2-divmod.o)
 .comment       0x0000000000000023       0x24 c:/intelfpga_lite/18.1/nios2eds/bin/gnu/h-x86_64-mingw32/bin/../lib/gcc/nios2-elf/5.3.0/mno-hw-mul\libgcc.a(lib2-mul.o)
 .comment       0x0000000000000023       0x24 ../app03_bsp/\libhal_bsp.a(alt_load.o)
 .comment       0x0000000000000023       0x24 ../app03_bsp/\libhal_bsp.a(alt_main.o)
 .comment       0x0000000000000023       0x24 ../app03_bsp/\libhal_bsp.a(alt_putstr.o)
 .comment       0x0000000000000023       0x24 ../app03_bsp/\libhal_bsp.a(alt_sys_init.o)
 .comment       0x0000000000000023       0x24 ../app03_bsp/\libhal_bsp.a(altera_avalon_jtag_uart_write.o)
 .comment       0x0000000000000023       0x24 ../app03_bsp/\libhal_bsp.a(alt_dcache_flush_all.o)
 .comment       0x0000000000000023       0x24 ../app03_bsp/\libhal_bsp.a(alt_icache_flush_all.o)
 .comment       0x0000000000000023       0x24 ../app03_bsp/\libhal_bsp.a(altera_nios2_qsys_irq.o)
 .comment       0x0000000000000023       0x24 c:/intelfpga_lite/18.1/nios2eds/bin/gnu/h-x86_64-mingw32/bin/../lib/gcc/nios2-elf/5.3.0/../../../../../H-x86_64-mingw32/nios2-elf/lib/mno-hw-mul\libsmallc.a(lib_a-strlen.o)

.debug
 *(.debug)

.line
 *(.line)

.debug_srcinfo
 *(.debug_srcinfo)

.debug_sfnames
 *(.debug_sfnames)

.debug_aranges  0x0000000000000000      0x1b0
 *(.debug_aranges)
 .debug_aranges
                0x0000000000000000       0x28 ../app03_bsp//obj/HAL/src/crt0.o
 .debug_aranges
                0x0000000000000028       0x28 obj/default/hello_world_small.o
 .debug_aranges
                0x0000000000000050       0x20 c:/intelfpga_lite/18.1/nios2eds/bin/gnu/h-x86_64-mingw32/bin/../lib/gcc/nios2-elf/5.3.0/mno-hw-mul\libgcc.a(lib2-divmod.o)
 .debug_aranges
                0x0000000000000070       0x20 c:/intelfpga_lite/18.1/nios2eds/bin/gnu/h-x86_64-mingw32/bin/../lib/gcc/nios2-elf/5.3.0/mno-hw-mul\libgcc.a(lib2-mul.o)
 .debug_aranges
                0x0000000000000090       0x20 ../app03_bsp/\libhal_bsp.a(alt_load.o)
 .debug_aranges
                0x00000000000000b0       0x20 ../app03_bsp/\libhal_bsp.a(alt_main.o)
 .debug_aranges
                0x00000000000000d0       0x20 ../app03_bsp/\libhal_bsp.a(alt_putstr.o)
 .debug_aranges
                0x00000000000000f0       0x20 ../app03_bsp/\libhal_bsp.a(alt_sys_init.o)
 .debug_aranges
                0x0000000000000110       0x20 ../app03_bsp/\libhal_bsp.a(altera_avalon_jtag_uart_write.o)
 .debug_aranges
                0x0000000000000130       0x20 ../app03_bsp/\libhal_bsp.a(alt_dcache_flush_all.o)
 .debug_aranges
                0x0000000000000150       0x20 ../app03_bsp/\libhal_bsp.a(alt_icache_flush_all.o)
 .debug_aranges
                0x0000000000000170       0x20 ../app03_bsp/\libhal_bsp.a(altera_nios2_qsys_irq.o)
 .debug_aranges
                0x0000000000000190       0x20 c:/intelfpga_lite/18.1/nios2eds/bin/gnu/h-x86_64-mingw32/bin/../lib/gcc/nios2-elf/5.3.0/../../../../../H-x86_64-mingw32/nios2-elf/lib/mno-hw-mul\libsmallc.a(lib_a-strlen.o)

.debug_pubnames
 *(.debug_pubnames)

.debug_info     0x0000000000000000     0x1310
 *(.debug_info .gnu.linkonce.wi.*)
 .debug_info    0x0000000000000000       0x67 ../app03_bsp//obj/HAL/src/crt0.o
 .debug_info    0x0000000000000067      0x528 obj/default/hello_world_small.o
 .debug_info    0x000000000000058f      0x2c6 c:/intelfpga_lite/18.1/nios2eds/bin/gnu/h-x86_64-mingw32/bin/../lib/gcc/nios2-elf/5.3.0/mno-hw-mul\libgcc.a(lib2-divmod.o)
 .debug_info    0x0000000000000855       0xb4 c:/intelfpga_lite/18.1/nios2eds/bin/gnu/h-x86_64-mingw32/bin/../lib/gcc/nios2-elf/5.3.0/mno-hw-mul\libgcc.a(lib2-mul.o)
 .debug_info    0x0000000000000909      0x1c9 ../app03_bsp/\libhal_bsp.a(alt_load.o)
 .debug_info    0x0000000000000ad2      0x169 ../app03_bsp/\libhal_bsp.a(alt_main.o)
 .debug_info    0x0000000000000c3b      0x13a ../app03_bsp/\libhal_bsp.a(alt_putstr.o)
 .debug_info    0x0000000000000d75      0x185 ../app03_bsp/\libhal_bsp.a(alt_sys_init.o)
 .debug_info    0x0000000000000efa      0x197 ../app03_bsp/\libhal_bsp.a(altera_avalon_jtag_uart_write.o)
 .debug_info    0x0000000000001091       0x92 ../app03_bsp/\libhal_bsp.a(alt_dcache_flush_all.o)
 .debug_info    0x0000000000001123       0x92 ../app03_bsp/\libhal_bsp.a(alt_icache_flush_all.o)
 .debug_info    0x00000000000011b5       0x92 ../app03_bsp/\libhal_bsp.a(altera_nios2_qsys_irq.o)
 .debug_info    0x0000000000001247       0xc9 c:/intelfpga_lite/18.1/nios2eds/bin/gnu/h-x86_64-mingw32/bin/../lib/gcc/nios2-elf/5.3.0/../../../../../H-x86_64-mingw32/nios2-elf/lib/mno-hw-mul\libsmallc.a(lib_a-strlen.o)

.debug_abbrev   0x0000000000000000      0x97b
 *(.debug_abbrev)
 .debug_abbrev  0x0000000000000000       0x12 ../app03_bsp//obj/HAL/src/crt0.o
 .debug_abbrev  0x0000000000000012      0x232 obj/default/hello_world_small.o
 .debug_abbrev  0x0000000000000244      0x10e c:/intelfpga_lite/18.1/nios2eds/bin/gnu/h-x86_64-mingw32/bin/../lib/gcc/nios2-elf/5.3.0/mno-hw-mul\libgcc.a(lib2-divmod.o)
 .debug_abbrev  0x0000000000000352       0x6f c:/intelfpga_lite/18.1/nios2eds/bin/gnu/h-x86_64-mingw32/bin/../lib/gcc/nios2-elf/5.3.0/mno-hw-mul\libgcc.a(lib2-mul.o)
 .debug_abbrev  0x00000000000003c1       0xd8 ../app03_bsp/\libhal_bsp.a(alt_load.o)
 .debug_abbrev  0x0000000000000499       0xee ../app03_bsp/\libhal_bsp.a(alt_main.o)
 .debug_abbrev  0x0000000000000587       0xd3 ../app03_bsp/\libhal_bsp.a(alt_putstr.o)
 .debug_abbrev  0x000000000000065a      0x107 ../app03_bsp/\libhal_bsp.a(alt_sys_init.o)
 .debug_abbrev  0x0000000000000761       0xd5 ../app03_bsp/\libhal_bsp.a(altera_avalon_jtag_uart_write.o)
 .debug_abbrev  0x0000000000000836       0x42 ../app03_bsp/\libhal_bsp.a(alt_dcache_flush_all.o)
 .debug_abbrev  0x0000000000000878       0x42 ../app03_bsp/\libhal_bsp.a(alt_icache_flush_all.o)
 .debug_abbrev  0x00000000000008ba       0x42 ../app03_bsp/\libhal_bsp.a(altera_nios2_qsys_irq.o)
 .debug_abbrev  0x00000000000008fc       0x7f c:/intelfpga_lite/18.1/nios2eds/bin/gnu/h-x86_64-mingw32/bin/../lib/gcc/nios2-elf/5.3.0/../../../../../H-x86_64-mingw32/nios2-elf/lib/mno-hw-mul\libsmallc.a(lib_a-strlen.o)

.debug_line     0x0000000000000000      0xd4a
 *(.debug_line)
 .debug_line    0x0000000000000000       0x66 ../app03_bsp//obj/HAL/src/crt0.o
 .debug_line    0x0000000000000066      0x525 obj/default/hello_world_small.o
 .debug_line    0x000000000000058b      0x105 c:/intelfpga_lite/18.1/nios2eds/bin/gnu/h-x86_64-mingw32/bin/../lib/gcc/nios2-elf/5.3.0/mno-hw-mul\libgcc.a(lib2-divmod.o)
 .debug_line    0x0000000000000690       0x80 c:/intelfpga_lite/18.1/nios2eds/bin/gnu/h-x86_64-mingw32/bin/../lib/gcc/nios2-elf/5.3.0/mno-hw-mul\libgcc.a(lib2-mul.o)
 .debug_line    0x0000000000000710       0xa4 ../app03_bsp/\libhal_bsp.a(alt_load.o)
 .debug_line    0x00000000000007b4       0xbd ../app03_bsp/\libhal_bsp.a(alt_main.o)
 .debug_line    0x0000000000000871       0xa0 ../app03_bsp/\libhal_bsp.a(alt_putstr.o)
 .debug_line    0x0000000000000911      0x101 ../app03_bsp/\libhal_bsp.a(alt_sys_init.o)
 .debug_line    0x0000000000000a12       0xf0 ../app03_bsp/\libhal_bsp.a(altera_avalon_jtag_uart_write.o)
 .debug_line    0x0000000000000b02       0x4e ../app03_bsp/\libhal_bsp.a(alt_dcache_flush_all.o)
 .debug_line    0x0000000000000b50       0x4e ../app03_bsp/\libhal_bsp.a(alt_icache_flush_all.o)
 .debug_line    0x0000000000000b9e       0x50 ../app03_bsp/\libhal_bsp.a(altera_nios2_qsys_irq.o)
 .debug_line    0x0000000000000bee      0x15c c:/intelfpga_lite/18.1/nios2eds/bin/gnu/h-x86_64-mingw32/bin/../lib/gcc/nios2-elf/5.3.0/../../../../../H-x86_64-mingw32/nios2-elf/lib/mno-hw-mul\libsmallc.a(lib_a-strlen.o)

.debug_frame    0x0000000000000000      0x2e8
 *(.debug_frame)
 .debug_frame   0x0000000000000000      0x110 obj/default/hello_world_small.o
 .debug_frame   0x0000000000000110       0x50 c:/intelfpga_lite/18.1/nios2eds/bin/gnu/h-x86_64-mingw32/bin/../lib/gcc/nios2-elf/5.3.0/mno-hw-mul\libgcc.a(lib2-divmod.o)
 .debug_frame   0x0000000000000160       0x20 c:/intelfpga_lite/18.1/nios2eds/bin/gnu/h-x86_64-mingw32/bin/../lib/gcc/nios2-elf/5.3.0/mno-hw-mul\libgcc.a(lib2-mul.o)
 .debug_frame   0x0000000000000180       0x30 ../app03_bsp/\libhal_bsp.a(alt_load.o)
 .debug_frame   0x00000000000001b0       0x2c ../app03_bsp/\libhal_bsp.a(alt_main.o)
 .debug_frame   0x00000000000001dc       0x30 ../app03_bsp/\libhal_bsp.a(alt_putstr.o)
 .debug_frame   0x000000000000020c       0x3c ../app03_bsp/\libhal_bsp.a(alt_sys_init.o)
 .debug_frame   0x0000000000000248       0x20 ../app03_bsp/\libhal_bsp.a(altera_avalon_jtag_uart_write.o)
 .debug_frame   0x0000000000000268       0x20 ../app03_bsp/\libhal_bsp.a(alt_dcache_flush_all.o)
 .debug_frame   0x0000000000000288       0x20 ../app03_bsp/\libhal_bsp.a(alt_icache_flush_all.o)
 .debug_frame   0x00000000000002a8       0x20 ../app03_bsp/\libhal_bsp.a(altera_nios2_qsys_irq.o)
 .debug_frame   0x00000000000002c8       0x20 c:/intelfpga_lite/18.1/nios2eds/bin/gnu/h-x86_64-mingw32/bin/../lib/gcc/nios2-elf/5.3.0/../../../../../H-x86_64-mingw32/nios2-elf/lib/mno-hw-mul\libsmallc.a(lib_a-strlen.o)

.debug_str      0x0000000000000000      0x7f8
 *(.debug_str)
 .debug_str     0x0000000000000000      0x13b obj/default/hello_world_small.o
                                        0x169 (size before relaxing)
 .debug_str     0x000000000000013b      0x1b2 c:/intelfpga_lite/18.1/nios2eds/bin/gnu/h-x86_64-mingw32/bin/../lib/gcc/nios2-elf/5.3.0/mno-hw-mul\libgcc.a(lib2-divmod.o)
                                        0x1d2 (size before relaxing)
 .debug_str     0x00000000000002ed       0x40 c:/intelfpga_lite/18.1/nios2eds/bin/gnu/h-x86_64-mingw32/bin/../lib/gcc/nios2-elf/5.3.0/mno-hw-mul\libgcc.a(lib2-mul.o)
                                        0x193 (size before relaxing)
 .debug_str     0x000000000000032d      0x17f ../app03_bsp/\libhal_bsp.a(alt_load.o)
                                        0x235 (size before relaxing)
 .debug_str     0x00000000000004ac       0x8f ../app03_bsp/\libhal_bsp.a(alt_main.o)
                                        0x1ae (size before relaxing)
 .debug_str     0x000000000000053b       0x66 ../app03_bsp/\libhal_bsp.a(alt_putstr.o)
                                        0x18b (size before relaxing)
 .debug_str     0x00000000000005a1       0x86 ../app03_bsp/\libhal_bsp.a(alt_sys_init.o)
                                        0x21f (size before relaxing)
 .debug_str     0x0000000000000627       0x39 ../app03_bsp/\libhal_bsp.a(altera_avalon_jtag_uart_write.o)
                                        0x20e (size before relaxing)
 .debug_str     0x0000000000000660       0x1f ../app03_bsp/\libhal_bsp.a(alt_dcache_flush_all.o)
                                        0x14e (size before relaxing)
 .debug_str     0x000000000000067f       0x1f ../app03_bsp/\libhal_bsp.a(alt_icache_flush_all.o)
                                        0x14e (size before relaxing)
 .debug_str     0x000000000000069e       0x20 ../app03_bsp/\libhal_bsp.a(altera_nios2_qsys_irq.o)
                                        0x155 (size before relaxing)
 .debug_str     0x00000000000006be      0x13a c:/intelfpga_lite/18.1/nios2eds/bin/gnu/h-x86_64-mingw32/bin/../lib/gcc/nios2-elf/5.3.0/../../../../../H-x86_64-mingw32/nios2-elf/lib/mno-hw-mul\libsmallc.a(lib_a-strlen.o)
                                        0x1e5 (size before relaxing)

.debug_loc      0x0000000000000000      0xbbf
 *(.debug_loc)
 .debug_loc     0x0000000000000000      0x55d obj/default/hello_world_small.o
 .debug_loc     0x000000000000055d      0x4ce c:/intelfpga_lite/18.1/nios2eds/bin/gnu/h-x86_64-mingw32/bin/../lib/gcc/nios2-elf/5.3.0/mno-hw-mul\libgcc.a(lib2-divmod.o)
 .debug_loc     0x0000000000000a2b       0x93 c:/intelfpga_lite/18.1/nios2eds/bin/gnu/h-x86_64-mingw32/bin/../lib/gcc/nios2-elf/5.3.0/mno-hw-mul\libgcc.a(lib2-mul.o)
 .debug_loc     0x0000000000000abe       0x37 ../app03_bsp/\libhal_bsp.a(alt_putstr.o)
 .debug_loc     0x0000000000000af5       0x21 ../app03_bsp/\libhal_bsp.a(alt_sys_init.o)
 .debug_loc     0x0000000000000b16       0x8b ../app03_bsp/\libhal_bsp.a(altera_avalon_jtag_uart_write.o)
 .debug_loc     0x0000000000000ba1       0x1e c:/intelfpga_lite/18.1/nios2eds/bin/gnu/h-x86_64-mingw32/bin/../lib/gcc/nios2-elf/5.3.0/../../../../../H-x86_64-mingw32/nios2-elf/lib/mno-hw-mul\libsmallc.a(lib_a-strlen.o)

.debug_macinfo
 *(.debug_macinfo)

.debug_weaknames
 *(.debug_weaknames)

.debug_funcnames
 *(.debug_funcnames)

.debug_typenames
 *(.debug_typenames)

.debug_varnames
 *(.debug_varnames)

.debug_alt_sim_info
                0x0000000000000000       0x10
 *(.debug_alt_sim_info)
 .debug_alt_sim_info
                0x0000000000000000       0x10 ../app03_bsp//obj/HAL/src/crt0.o
                0x0000000000014000                __alt_data_end = 0x14000
                0x0000000000014000                PROVIDE (__alt_stack_pointer, __alt_data_end)
                [!provide]                        PROVIDE (__alt_stack_limit, __alt_stack_base)
                [!provide]                        PROVIDE (__alt_heap_start, end)
                [!provide]                        PROVIDE (__alt_heap_limit, 0x14000)
OUTPUT(app03.elf elf32-littlenios2)

.debug_ranges   0x0000000000000000      0x108
 .debug_ranges  0x0000000000000000       0x20 ../app03_bsp//obj/HAL/src/crt0.o
 .debug_ranges  0x0000000000000020       0x30 obj/default/hello_world_small.o
 .debug_ranges  0x0000000000000050       0x60 c:/intelfpga_lite/18.1/nios2eds/bin/gnu/h-x86_64-mingw32/bin/../lib/gcc/nios2-elf/5.3.0/mno-hw-mul\libgcc.a(lib2-divmod.o)
 .debug_ranges  0x00000000000000b0       0x48 ../app03_bsp/\libhal_bsp.a(alt_load.o)
 .debug_ranges  0x00000000000000f8       0x10 c:/intelfpga_lite/18.1/nios2eds/bin/gnu/h-x86_64-mingw32/bin/../lib/gcc/nios2-elf/5.3.0/../../../../../H-x86_64-mingw32/nios2-elf/lib/mno-hw-mul\libsmallc.a(lib_a-strlen.o)
